<svg width="100" height="100">Inner text</svg>
<elementxy data-somedata="Some data content">