<h1>Some text in the h1 element</h1>
<input type="password" data-user="user12345" placeholder="New password">