<div id="id" class="class" data-label=label></div>
<div data-mix=;+=´´)ú¨§ů-.,-*/+_:\\()[]@&|\# id=mix class="class"></div>
<input onclick='alert("Some text here 123 456 789")' onmouseover="alert('Some text here 123 456 789')">
<input data-label=someLabel data-second-label="Some label" data-third-label='Some label'>