<style>
	h1 {
	color: #123;
	}
</style>
<script>
	var a = 123;
	a ++;
	alert(a);
</script>
<code>
	var a = 123;
	a ++;
	alert(a);
	div #wrapper
		div #inner
			Some text here
</code>
<div id="wrapper">
		div
			div
				div
</div>
<div>
	<div>
				div
					h1 Some text inside
	</div>
</div>
