<input type=text placeholder="Just a placeholder" disabled="disabled" />
<input type=text value="Text inside" readonly="readonly" />
<input type=text value="Text inside" required="required" disabled="disabled" readonly="readonly" />
