<div class="class"></div>
<div class="c_l_a_s_s"></div>
<div class=";+=´´)ú¨§ů-.,-*/+_:\\()[]@&|\# behind"></div>
<div class="....class another"></div>
<div class="class"></div>
<div class="class1 class2"></div>
<div class="shortcut normal"></div>
<div class="shortcut2 normal2"></div>
<div class="shortcut3 normal3 normal3-B"></div>
<div class="shortcut4 normal4"></div>
<div class="shortcut5-A shortcut5-B shortcut5-C normal5"></div>
<div class="shortcut5-A shortcut5-B shortcut5-C normal5-A normal5-B"></div>
<div class="shortcut5-A shortcut5-B shortcut5-C normal5-A normal5-B"></div>
