<div data-data=myData data-data-two='myData' data-data-three="myData"></div>
