<beer brand="Gambrinus">
	<pong score="3:1" winner="Czech team">
</beer>
