divinput
<?xml?>
<description></description>
<comments></comments>
