<div class="class" id="id" data-label=label></div>
<div class="class" data-mix=;+=´´)ú¨§ů-.,-*/+_:\\()[]@&|\# id=mix></div>
<a href="{plink :Core:Front:Homepage:default">
	Link in on homepage in the Nette Framework
</a>
<a n:href=":Core:Front:Homepage:default">
	Link in on homepage in the Nette Framework
</a>
<input onclick='alert("Some text here 123 456 789")' onmouseover="alert('Some text here 123 456 789')">
