<a href="www.google.com" target="blank">
	Link on Google
</a>
<a role="button">
	Button
</a>
<a href="{plink :Core:Front:Homepage:default}">
	Link on homepage in Nette Framework
</a>
<input value="+=´´)ú¨§ů-.,-*/+_:\\()[]@&|\#'">
<input type="text" value="Click me!">
<input value="Disabled button" type="submit" disabled>
<div id="myId" class="myClass"></div>
<i data-my-data="Some value" data-some-data="Another value"></i>
