<p>
	Lorem ipsum dolor sit amet, consectetur adipiscing elit.Pellentesque fringilla nisi hendrerit mauris consequat.
</p>
