<p>
	Short text with a 
	<b class="boldtext">
		bold text that have an 
		<i>
			"italic" word
		</i>
	</b>
	inside.
	<div>
		<div id="TU"></div>
	</div>
	<i class="superclasse"></i>
</p>
