Selected charset is UTF-8.
<script>
	 alert('Hello World!');
</script>
