utf-8charset utf-8
<script type="text/javascript" src="somescript.js"></script>
