<!DOCTYPE html>
<meta charset="utf-8">
<meta name="robots" content="noindex, nofollow">
<meta name="robots" content="index, follow">
