<script type="text/javascript" src="somescript.js"></script>
<script type="text/javascript" src="https://code.jquery.com/jquery-3.2.1.js" async="true"></script>
<meta charset="utf-8">
