<h1 class="sectionTitle">
	Some title
</h1>
<ul>
	<li>
		Item1
	</li>
	<li>
		Item2
	</li>
	<li>
		item3
	</li>
</ul>
