<script src="https://code.jquery.com/jquery-3.2.1.js" type="text/javascript"></script>
<script src="https://code.jquery.com/jquery-3.2.1.js" type="text/javascript" async></script>
<link href="path/to/css/file.css" rel="stylesheet" type="text/css">
some text with path/to/css/file.css
