<a class="google" title="Link on google" style="background-color:#06f; color:White" href="http://www.google.com" target="blank">
	Google link
</a>
<br>
<a class="github" title="Link on Github" style="background-color:green; color:Black" href="http://www.github.com" target="blank">
	Github link
</a>
<h1 class="mainTitle greenTitle" style="color:green" data-title-id=1 id="firstTitle">
	First title
</h1>
<h1 class="mainTitle greenTitle" style="color:green" data-title-id=2 id="secondTitle">
	Second title
</h1>
<div>
	<div class="class-;+=´´)ú¨§ů-.,-*/+_:\()\@&|\#">
		Replicated line - one
	</div>
	<div class="class-two">
		Replicated line - ;+=´´)ú¨§ů-.,-*/+_:\\()\@&/|\#/
	</div>
	<div class="class-;+=´´)ú¨§ů-.,-*/+_:\()\@&|\#/">
		Replicated line - three ;+=´´)ú¨§ů-.,-*/+_:\\()\@&|\#/
	</div>
</div>
