Whisky number one 
<br>
Beer number one 
<br>
<div>
	Whisky number two 
	<br>
	Beer number three 
	<br>
</div>
Whisky text
<br>
Beer text
