Replicated text number one 
<br>
Replicated text number two 
<br>
Replicated text number three 
<br>
<div>
	Replicated text number one 
	<br>
	Replicated text number two 
	<br>
	Replicated text number three 
	<br>
</div>
<div>
	Rewritten replication text number one 
	<br>
	Rewritten replication text number two 
	<br>
	Rewritten replication text number three 
	<br>
</div>
