<style>
	h1 { color: #123;}
</style>
<div>
	<?php $a = 123; echo $a; ?>
</div>
<a>
	<?php $a = 123; echo $a; ?>
</a>
<script type="text/javascript">
	 var a = 123; a ++; alert(a);
</script>
<script>
	 var a = 123; a ++; alert(a);
</script>
<skipthisarea>
	 var a = 123; a ++; alert(a);
</skipthisarea>
var a = 123; a ++; alert(a);
