<div>
        <div>
                <div>
                        Alice in Wonderland
                        <span>
                                !
                        </span>
                </div>
        </div>
</div>
